Analysis & Synthesis report for top_fpga
Thu Mar 20 04:12:56 2025
Quartus Prime Version 23.1std.1 Build 993 05/14/2024 SC Lite Edition


---------------------
; Table of Contents ;
---------------------
  1. Legal Notice
  2. Analysis & Synthesis Summary
  3. Analysis & Synthesis Settings
  4. Parallel Compilation
  5. Analysis & Synthesis Source Files Read
  6. Analysis & Synthesis Resource Usage Summary
  7. Analysis & Synthesis Resource Utilization by Entity
  8. Registers Removed During Synthesis
  9. Removed Registers Triggering Further Register Optimizations
 10. General Register Statistics
 11. Multiplexer Restructuring Statistics (Restructuring Performed)
 12. Parameter Settings for User Entity Instance: TOP:DUT|MIPS:MIPS_INST|DATAPATH:DATAPATH_INST
 13. Parameter Settings for User Entity Instance: TOP:DUT|MIPS:MIPS_INST|DATAPATH:DATAPATH_INST|UAL:UAL
 14. Port Connectivity Checks: "TOP:DUT|MIPS:MIPS_INST|DATAPATH:DATAPATH_INST|UAL:UAL"
 15. Port Connectivity Checks: "TOP:DUT|MIPS:MIPS_INST"
 16. Port Connectivity Checks: "TOP:DUT"
 17. Post-Synthesis Netlist Statistics for Top Partition
 18. Elapsed Time Per Partition
 19. Analysis & Synthesis Messages



----------------
; Legal Notice ;
----------------
Copyright (C) 2024  Intel Corporation. All rights reserved.
Your use of Intel Corporation's design tools, logic functions 
and other software and tools, and any partner logic 
functions, and any output files from any of the foregoing 
(including device programming or simulation files), and any 
associated documentation or information are expressly subject 
to the terms and conditions of the Intel Program License 
Subscription Agreement, the Intel Quartus Prime License Agreement,
the Intel FPGA IP License Agreement, or other applicable license
agreement, including, without limitation, that your use is for
the sole purpose of programming logic devices manufactured by
Intel and sold by Intel or its authorized distributors.  Please
refer to the applicable agreement for further details, at
https://fpgasoftware.intel.com/eula.



+-------------------------------------------------------------------------------------+
; Analysis & Synthesis Summary                                                        ;
+------------------------------------+------------------------------------------------+
; Analysis & Synthesis Status        ; Successful - Thu Mar 20 04:12:56 2025          ;
; Quartus Prime Version              ; 23.1std.1 Build 993 05/14/2024 SC Lite Edition ;
; Revision Name                      ; top_fpga                                       ;
; Top-level Entity Name              ; TOP_FPGA                                       ;
; Family                             ; MAX 10                                         ;
; Total logic elements               ; 9,745                                          ;
;     Total combinational functions  ; 4,705                                          ;
;     Dedicated logic registers      ; 5,112                                          ;
; Total registers                    ; 5112                                           ;
; Total pins                         ; 45                                             ;
; Total virtual pins                 ; 0                                              ;
; Total memory bits                  ; 0                                              ;
; Embedded Multiplier 9-bit elements ; 0                                              ;
; Total PLLs                         ; 0                                              ;
; UFM blocks                         ; 0                                              ;
; ADC blocks                         ; 0                                              ;
+------------------------------------+------------------------------------------------+


+------------------------------------------------------------------------------------------------------------+
; Analysis & Synthesis Settings                                                                              ;
+------------------------------------------------------------------+--------------------+--------------------+
; Option                                                           ; Setting            ; Default Value      ;
+------------------------------------------------------------------+--------------------+--------------------+
; Device                                                           ; 10M50DAF484C7G     ;                    ;
; Top-level entity name                                            ; top_fpga           ; top_fpga           ;
; Family name                                                      ; MAX 10             ; Cyclone V          ;
; Maximum processors allowed for parallel compilation              ; 8                  ;                    ;
; Use smart compilation                                            ; Off                ; Off                ;
; Enable parallel Assembler and Timing Analyzer during compilation ; On                 ; On                 ;
; Enable compact report table                                      ; Off                ; Off                ;
; Restructure Multiplexers                                         ; Auto               ; Auto               ;
; Create Debugging Nodes for IP Cores                              ; Off                ; Off                ;
; Preserve fewer node names                                        ; On                 ; On                 ;
; Intel FPGA IP Evaluation Mode                                    ; Enable             ; Enable             ;
; Verilog Version                                                  ; Verilog_2001       ; Verilog_2001       ;
; VHDL Version                                                     ; VHDL_1993          ; VHDL_1993          ;
; State Machine Processing                                         ; Auto               ; Auto               ;
; Safe State Machine                                               ; Off                ; Off                ;
; Extract Verilog State Machines                                   ; On                 ; On                 ;
; Extract VHDL State Machines                                      ; On                 ; On                 ;
; Ignore Verilog initial constructs                                ; Off                ; Off                ;
; Iteration limit for constant Verilog loops                       ; 5000               ; 5000               ;
; Iteration limit for non-constant Verilog loops                   ; 250                ; 250                ;
; Add Pass-Through Logic to Inferred RAMs                          ; On                 ; On                 ;
; Infer RAMs from Raw Logic                                        ; On                 ; On                 ;
; Parallel Synthesis                                               ; On                 ; On                 ;
; DSP Block Balancing                                              ; Auto               ; Auto               ;
; NOT Gate Push-Back                                               ; On                 ; On                 ;
; Power-Up Don't Care                                              ; On                 ; On                 ;
; Remove Redundant Logic Cells                                     ; Off                ; Off                ;
; Remove Duplicate Registers                                       ; On                 ; On                 ;
; Ignore CARRY Buffers                                             ; Off                ; Off                ;
; Ignore CASCADE Buffers                                           ; Off                ; Off                ;
; Ignore GLOBAL Buffers                                            ; Off                ; Off                ;
; Ignore ROW GLOBAL Buffers                                        ; Off                ; Off                ;
; Ignore LCELL Buffers                                             ; Off                ; Off                ;
; Ignore SOFT Buffers                                              ; On                 ; On                 ;
; Limit AHDL Integers to 32 Bits                                   ; Off                ; Off                ;
; Optimization Technique                                           ; Balanced           ; Balanced           ;
; Carry Chain Length                                               ; 70                 ; 70                 ;
; Auto Carry Chains                                                ; On                 ; On                 ;
; Auto Open-Drain Pins                                             ; On                 ; On                 ;
; Perform WYSIWYG Primitive Resynthesis                            ; Off                ; Off                ;
; Auto ROM Replacement                                             ; On                 ; On                 ;
; Auto RAM Replacement                                             ; On                 ; On                 ;
; Auto DSP Block Replacement                                       ; On                 ; On                 ;
; Auto Shift Register Replacement                                  ; Auto               ; Auto               ;
; Allow Shift Register Merging across Hierarchies                  ; Auto               ; Auto               ;
; Auto Clock Enable Replacement                                    ; On                 ; On                 ;
; Strict RAM Replacement                                           ; Off                ; Off                ;
; Allow Synchronous Control Signals                                ; On                 ; On                 ;
; Force Use of Synchronous Clear Signals                           ; Off                ; Off                ;
; Auto RAM Block Balancing                                         ; On                 ; On                 ;
; Auto RAM to Logic Cell Conversion                                ; Off                ; Off                ;
; Auto Resource Sharing                                            ; Off                ; Off                ;
; Allow Any RAM Size For Recognition                               ; Off                ; Off                ;
; Allow Any ROM Size For Recognition                               ; Off                ; Off                ;
; Allow Any Shift Register Size For Recognition                    ; Off                ; Off                ;
; Use LogicLock Constraints during Resource Balancing              ; On                 ; On                 ;
; Ignore translate_off and synthesis_off directives                ; Off                ; Off                ;
; Timing-Driven Synthesis                                          ; On                 ; On                 ;
; Report Parameter Settings                                        ; On                 ; On                 ;
; Report Source Assignments                                        ; On                 ; On                 ;
; Report Connectivity Checks                                       ; On                 ; On                 ;
; Ignore Maximum Fan-Out Assignments                               ; Off                ; Off                ;
; Synchronization Register Chain Length                            ; 2                  ; 2                  ;
; Power Optimization During Synthesis                              ; Normal compilation ; Normal compilation ;
; HDL message level                                                ; Level2             ; Level2             ;
; Suppress Register Optimization Related Messages                  ; Off                ; Off                ;
; Number of Removed Registers Reported in Synthesis Report         ; 5000               ; 5000               ;
; Number of Swept Nodes Reported in Synthesis Report               ; 5000               ; 5000               ;
; Number of Inverted Registers Reported in Synthesis Report        ; 100                ; 100                ;
; Clock MUX Protection                                             ; On                 ; On                 ;
; Auto Gated Clock Conversion                                      ; Off                ; Off                ;
; Block Design Naming                                              ; Auto               ; Auto               ;
; SDC constraint protection                                        ; Off                ; Off                ;
; Synthesis Effort                                                 ; Auto               ; Auto               ;
; Shift Register Replacement - Allow Asynchronous Clear Signal     ; On                 ; On                 ;
; Pre-Mapping Resynthesis Optimization                             ; Off                ; Off                ;
; Analysis & Synthesis Message Level                               ; Medium             ; Medium             ;
; Disable Register Merging Across Hierarchies                      ; Auto               ; Auto               ;
; Resource Aware Inference For Block RAM                           ; On                 ; On                 ;
+------------------------------------------------------------------+--------------------+--------------------+


+------------------------------------------+
; Parallel Compilation                     ;
+----------------------------+-------------+
; Processors                 ; Number      ;
+----------------------------+-------------+
; Number detected on machine ; 16          ;
; Maximum allowed            ; 8           ;
;                            ;             ;
; Average used               ; 1.01        ;
; Maximum used               ; 8           ;
;                            ;             ;
; Usage by Processor         ; % Time Used ;
;     Processor 1            ; 100.0%      ;
;     Processor 2            ;   0.1%      ;
;     Processor 3            ;   0.1%      ;
;     Processor 4            ;   0.1%      ;
;     Processor 5            ;   0.1%      ;
;     Processor 6            ;   0.1%      ;
;     Processor 7            ;   0.1%      ;
;     Processor 8            ;   0.1%      ;
+----------------------------+-------------+


+----------------------------------------------------------------------------------------------------------------------------------------------------------+
; Analysis & Synthesis Source Files Read                                                                                                                   ;
+----------------------------------+-----------------+-----------------+-------------------------------------------------------------------------+---------+
; File Name with User-Entered Path ; Used in Netlist ; File Type       ; File Name with Absolute Path                                            ; Library ;
+----------------------------------+-----------------+-----------------+-------------------------------------------------------------------------+---------+
; ../../bonus/ual.vhd              ; yes             ; User VHDL File  ; C:/Users/yraies/Documents/ELE344_Projet2_TESV_RAIY/bonus/ual.vhd        ;         ;
; ../../bonus/top_fpga.vhd         ; yes             ; User VHDL File  ; C:/Users/yraies/Documents/ELE344_Projet2_TESV_RAIY/bonus/top_fpga.vhd   ;         ;
; ../../bonus/top.vhd              ; yes             ; User VHDL File  ; C:/Users/yraies/Documents/ELE344_Projet2_TESV_RAIY/bonus/top.vhd        ;         ;
; ../../bonus/regfile.vhd          ; yes             ; User VHDL File  ; C:/Users/yraies/Documents/ELE344_Projet2_TESV_RAIY/bonus/regfile.vhd    ;         ;
; ../../bonus/mips.vhd             ; yes             ; User VHDL File  ; C:/Users/yraies/Documents/ELE344_Projet2_TESV_RAIY/bonus/mips.vhd       ;         ;
; ../../bonus/imem.vhd             ; yes             ; User VHDL File  ; C:/Users/yraies/Documents/ELE344_Projet2_TESV_RAIY/bonus/imem.vhd       ;         ;
; ../../bonus/dmem.vhd             ; yes             ; User VHDL File  ; C:/Users/yraies/Documents/ELE344_Projet2_TESV_RAIY/bonus/dmem.vhd       ;         ;
; ../../bonus/dec7seg.vhd          ; yes             ; User VHDL File  ; C:/Users/yraies/Documents/ELE344_Projet2_TESV_RAIY/bonus/dec7seg.vhd    ;         ;
; ../../bonus/datapath.vhd         ; yes             ; User VHDL File  ; C:/Users/yraies/Documents/ELE344_Projet2_TESV_RAIY/bonus/datapath.vhd   ;         ;
; ../../bonus/controller.vhd       ; yes             ; User VHDL File  ; C:/Users/yraies/Documents/ELE344_Projet2_TESV_RAIY/bonus/controller.vhd ;         ;
+----------------------------------+-----------------+-----------------+-------------------------------------------------------------------------+---------+


+-------------------------------------------------------------------+
; Analysis & Synthesis Resource Usage Summary                       ;
+---------------------------------------------+---------------------+
; Resource                                    ; Usage               ;
+---------------------------------------------+---------------------+
; Estimated Total logic elements              ; 9,745               ;
;                                             ;                     ;
; Total combinational functions               ; 4705                ;
; Logic element usage by number of LUT inputs ;                     ;
;     -- 4 input functions                    ; 4470                ;
;     -- 3 input functions                    ; 202                 ;
;     -- <=2 input functions                  ; 33                  ;
;                                             ;                     ;
; Logic elements by mode                      ;                     ;
;     -- normal mode                          ; 4659                ;
;     -- arithmetic mode                      ; 46                  ;
;                                             ;                     ;
; Total registers                             ; 5112                ;
;     -- Dedicated logic registers            ; 5112                ;
;     -- I/O registers                        ; 0                   ;
;                                             ;                     ;
; I/O pins                                    ; 45                  ;
;                                             ;                     ;
; Embedded Multiplier 9-bit elements          ; 0                   ;
;                                             ;                     ;
; Maximum fan-out node                        ; MAX10_CLK1_50~input ;
; Maximum fan-out                             ; 5112                ;
; Total fan-out                               ; 34006               ;
; Average fan-out                             ; 3.43                ;
+---------------------------------------------+---------------------+


+---------------------------------------------------------------------------------------------------------------------------------------------------------------------------------------------------------------------------------------------------------------------------------------------------------+
; Analysis & Synthesis Resource Utilization by Entity                                                                                                                                                                                                                                                     ;
+---------------------------------------+---------------------+---------------------------+-------------+------------+--------------+---------+-----------+------+--------------+------------+-------------------------------------------------------------------------------+-------------+--------------+
; Compilation Hierarchy Node            ; Combinational ALUTs ; Dedicated Logic Registers ; Memory Bits ; UFM Blocks ; DSP Elements ; DSP 9x9 ; DSP 18x18 ; Pins ; Virtual Pins ; ADC blocks ; Full Hierarchy Name                                                           ; Entity Name ; Library Name ;
+---------------------------------------+---------------------+---------------------------+-------------+------------+--------------+---------+-----------+------+--------------+------------+-------------------------------------------------------------------------------+-------------+--------------+
; |TOP_FPGA                             ; 4705 (3)            ; 5112 (16)                 ; 0           ; 0          ; 0            ; 0       ; 0         ; 45   ; 0            ; 0          ; |TOP_FPGA                                                                     ; TOP_FPGA    ; work         ;
;    |TOP:DUT|                          ; 4660 (0)            ; 5096 (0)                  ; 0           ; 0          ; 0            ; 0       ; 0         ; 0    ; 0            ; 0          ; |TOP_FPGA|TOP:DUT                                                             ; TOP         ; work         ;
;       |MIPS:MIPS_INST|                ; 1667 (0)            ; 1000 (0)                  ; 0           ; 0          ; 0            ; 0       ; 0         ; 0    ; 0            ; 0          ; |TOP_FPGA|TOP:DUT|MIPS:MIPS_INST                                              ; MIPS        ; work         ;
;          |CONTROLLER:CONTROLLER_INST| ; 12 (12)             ; 0 (0)                     ; 0           ; 0          ; 0            ; 0       ; 0         ; 0    ; 0            ; 0          ; |TOP_FPGA|TOP:DUT|MIPS:MIPS_INST|CONTROLLER:CONTROLLER_INST                   ; CONTROLLER  ; work         ;
;          |DATAPATH:DATAPATH_INST|     ; 1655 (114)          ; 1000 (8)                  ; 0           ; 0          ; 0            ; 0       ; 0         ; 0    ; 0            ; 0          ; |TOP_FPGA|TOP:DUT|MIPS:MIPS_INST|DATAPATH:DATAPATH_INST                       ; DATAPATH    ; work         ;
;             |RegFile:REGISTER_FILE|   ; 1411 (1411)         ; 992 (992)                 ; 0           ; 0          ; 0            ; 0       ; 0         ; 0    ; 0            ; 0          ; |TOP_FPGA|TOP:DUT|MIPS:MIPS_INST|DATAPATH:DATAPATH_INST|RegFile:REGISTER_FILE ; RegFile     ; work         ;
;             |UAL:UAL|                 ; 130 (130)           ; 0 (0)                     ; 0           ; 0          ; 0            ; 0       ; 0         ; 0    ; 0            ; 0          ; |TOP_FPGA|TOP:DUT|MIPS:MIPS_INST|DATAPATH:DATAPATH_INST|UAL:UAL               ; UAL         ; work         ;
;       |dmem:DMEM_INST|                ; 2853 (2853)         ; 4096 (4096)               ; 0           ; 0          ; 0            ; 0       ; 0         ; 0    ; 0            ; 0          ; |TOP_FPGA|TOP:DUT|dmem:DMEM_INST                                              ; dmem        ; work         ;
;       |imem:IMEM_INST|                ; 140 (140)           ; 0 (0)                     ; 0           ; 0          ; 0            ; 0       ; 0         ; 0    ; 0            ; 0          ; |TOP_FPGA|TOP:DUT|imem:IMEM_INST                                              ; imem        ; work         ;
;    |dec7seg:dec7seg_0|                ; 7 (7)               ; 0 (0)                     ; 0           ; 0          ; 0            ; 0       ; 0         ; 0    ; 0            ; 0          ; |TOP_FPGA|dec7seg:dec7seg_0                                                   ; dec7seg     ; work         ;
;    |dec7seg:dec7seg_1|                ; 7 (7)               ; 0 (0)                     ; 0           ; 0          ; 0            ; 0       ; 0         ; 0    ; 0            ; 0          ; |TOP_FPGA|dec7seg:dec7seg_1                                                   ; dec7seg     ; work         ;
;    |dec7seg:dec7seg_2|                ; 7 (7)               ; 0 (0)                     ; 0           ; 0          ; 0            ; 0       ; 0         ; 0    ; 0            ; 0          ; |TOP_FPGA|dec7seg:dec7seg_2                                                   ; dec7seg     ; work         ;
;    |dec7seg:dec7seg_3|                ; 7 (7)               ; 0 (0)                     ; 0           ; 0          ; 0            ; 0       ; 0         ; 0    ; 0            ; 0          ; |TOP_FPGA|dec7seg:dec7seg_3                                                   ; dec7seg     ; work         ;
;    |dec7seg:dec7seg_4|                ; 7 (7)               ; 0 (0)                     ; 0           ; 0          ; 0            ; 0       ; 0         ; 0    ; 0            ; 0          ; |TOP_FPGA|dec7seg:dec7seg_4                                                   ; dec7seg     ; work         ;
;    |dec7seg:dec7seg_5|                ; 7 (7)               ; 0 (0)                     ; 0           ; 0          ; 0            ; 0       ; 0         ; 0    ; 0            ; 0          ; |TOP_FPGA|dec7seg:dec7seg_5                                                   ; dec7seg     ; work         ;
+---------------------------------------+---------------------+---------------------------+-------------+------------+--------------+---------+-----------+------+--------------+------------+-------------------------------------------------------------------------------+-------------+--------------+
Note: For table entries with two numbers listed, the numbers in parentheses indicate the number of resources of the given type used by the specific entity alone. The numbers listed outside of parentheses indicate the total resources of the given type used by the specific entity and all of its sub-entities in the hierarchy.


+-----------------------------------------------------------------------------------------------------------------------------------------------------+
; Registers Removed During Synthesis                                                                                                                  ;
+-----------------------------------------------------------------------------+-----------------------------------------------------------------------+
; Register name                                                               ; Reason for Removal                                                    ;
+-----------------------------------------------------------------------------+-----------------------------------------------------------------------+
; TOP:DUT|MIPS:MIPS_INST|DATAPATH:DATAPATH_INST|PCIntern[1]                   ; Merged with TOP:DUT|MIPS:MIPS_INST|DATAPATH:DATAPATH_INST|PCIntern[0] ;
; TOP:DUT|MIPS:MIPS_INST|DATAPATH:DATAPATH_INST|PCIntern[0]                   ; Stuck at GND due to stuck port data_in                                ;
; TOP:DUT|MIPS:MIPS_INST|DATAPATH:DATAPATH_INST|PCIntern[10..31]              ; Lost fanout                                                           ;
; TOP:DUT|MIPS:MIPS_INST|DATAPATH:DATAPATH_INST|RegFile:REGISTER_FILE|mem~870 ; Stuck at GND due to stuck port clock_enable                           ;
; TOP:DUT|MIPS:MIPS_INST|DATAPATH:DATAPATH_INST|RegFile:REGISTER_FILE|mem~875 ; Stuck at GND due to stuck port clock_enable                           ;
; TOP:DUT|MIPS:MIPS_INST|DATAPATH:DATAPATH_INST|RegFile:REGISTER_FILE|mem~874 ; Stuck at GND due to stuck port clock_enable                           ;
; TOP:DUT|MIPS:MIPS_INST|DATAPATH:DATAPATH_INST|RegFile:REGISTER_FILE|mem~873 ; Stuck at GND due to stuck port clock_enable                           ;
; TOP:DUT|MIPS:MIPS_INST|DATAPATH:DATAPATH_INST|RegFile:REGISTER_FILE|mem~872 ; Stuck at GND due to stuck port clock_enable                           ;
; TOP:DUT|MIPS:MIPS_INST|DATAPATH:DATAPATH_INST|RegFile:REGISTER_FILE|mem~871 ; Stuck at GND due to stuck port clock_enable                           ;
; TOP:DUT|MIPS:MIPS_INST|DATAPATH:DATAPATH_INST|RegFile:REGISTER_FILE|mem~876 ; Stuck at GND due to stuck port clock_enable                           ;
; TOP:DUT|MIPS:MIPS_INST|DATAPATH:DATAPATH_INST|RegFile:REGISTER_FILE|mem~901 ; Stuck at GND due to stuck port clock_enable                           ;
; TOP:DUT|MIPS:MIPS_INST|DATAPATH:DATAPATH_INST|RegFile:REGISTER_FILE|mem~900 ; Stuck at GND due to stuck port clock_enable                           ;
; TOP:DUT|MIPS:MIPS_INST|DATAPATH:DATAPATH_INST|RegFile:REGISTER_FILE|mem~899 ; Stuck at GND due to stuck port clock_enable                           ;
; TOP:DUT|MIPS:MIPS_INST|DATAPATH:DATAPATH_INST|RegFile:REGISTER_FILE|mem~898 ; Stuck at GND due to stuck port clock_enable                           ;
; TOP:DUT|MIPS:MIPS_INST|DATAPATH:DATAPATH_INST|RegFile:REGISTER_FILE|mem~897 ; Stuck at GND due to stuck port clock_enable                           ;
; TOP:DUT|MIPS:MIPS_INST|DATAPATH:DATAPATH_INST|RegFile:REGISTER_FILE|mem~896 ; Stuck at GND due to stuck port clock_enable                           ;
; TOP:DUT|MIPS:MIPS_INST|DATAPATH:DATAPATH_INST|RegFile:REGISTER_FILE|mem~895 ; Stuck at GND due to stuck port clock_enable                           ;
; TOP:DUT|MIPS:MIPS_INST|DATAPATH:DATAPATH_INST|RegFile:REGISTER_FILE|mem~894 ; Stuck at GND due to stuck port clock_enable                           ;
; TOP:DUT|MIPS:MIPS_INST|DATAPATH:DATAPATH_INST|RegFile:REGISTER_FILE|mem~893 ; Stuck at GND due to stuck port clock_enable                           ;
; TOP:DUT|MIPS:MIPS_INST|DATAPATH:DATAPATH_INST|RegFile:REGISTER_FILE|mem~892 ; Stuck at GND due to stuck port clock_enable                           ;
; TOP:DUT|MIPS:MIPS_INST|DATAPATH:DATAPATH_INST|RegFile:REGISTER_FILE|mem~891 ; Stuck at GND due to stuck port clock_enable                           ;
; TOP:DUT|MIPS:MIPS_INST|DATAPATH:DATAPATH_INST|RegFile:REGISTER_FILE|mem~890 ; Stuck at GND due to stuck port clock_enable                           ;
; TOP:DUT|MIPS:MIPS_INST|DATAPATH:DATAPATH_INST|RegFile:REGISTER_FILE|mem~889 ; Stuck at GND due to stuck port clock_enable                           ;
; TOP:DUT|MIPS:MIPS_INST|DATAPATH:DATAPATH_INST|RegFile:REGISTER_FILE|mem~888 ; Stuck at GND due to stuck port clock_enable                           ;
; TOP:DUT|MIPS:MIPS_INST|DATAPATH:DATAPATH_INST|RegFile:REGISTER_FILE|mem~887 ; Stuck at GND due to stuck port clock_enable                           ;
; TOP:DUT|MIPS:MIPS_INST|DATAPATH:DATAPATH_INST|RegFile:REGISTER_FILE|mem~886 ; Stuck at GND due to stuck port clock_enable                           ;
; TOP:DUT|MIPS:MIPS_INST|DATAPATH:DATAPATH_INST|RegFile:REGISTER_FILE|mem~885 ; Stuck at GND due to stuck port clock_enable                           ;
; TOP:DUT|MIPS:MIPS_INST|DATAPATH:DATAPATH_INST|RegFile:REGISTER_FILE|mem~884 ; Stuck at GND due to stuck port clock_enable                           ;
; TOP:DUT|MIPS:MIPS_INST|DATAPATH:DATAPATH_INST|RegFile:REGISTER_FILE|mem~883 ; Stuck at GND due to stuck port clock_enable                           ;
; TOP:DUT|MIPS:MIPS_INST|DATAPATH:DATAPATH_INST|RegFile:REGISTER_FILE|mem~882 ; Stuck at GND due to stuck port clock_enable                           ;
; TOP:DUT|MIPS:MIPS_INST|DATAPATH:DATAPATH_INST|RegFile:REGISTER_FILE|mem~881 ; Stuck at GND due to stuck port clock_enable                           ;
; TOP:DUT|MIPS:MIPS_INST|DATAPATH:DATAPATH_INST|RegFile:REGISTER_FILE|mem~880 ; Stuck at GND due to stuck port clock_enable                           ;
; TOP:DUT|MIPS:MIPS_INST|DATAPATH:DATAPATH_INST|RegFile:REGISTER_FILE|mem~879 ; Stuck at GND due to stuck port clock_enable                           ;
; TOP:DUT|MIPS:MIPS_INST|DATAPATH:DATAPATH_INST|RegFile:REGISTER_FILE|mem~878 ; Stuck at GND due to stuck port clock_enable                           ;
; TOP:DUT|MIPS:MIPS_INST|DATAPATH:DATAPATH_INST|RegFile:REGISTER_FILE|mem~877 ; Stuck at GND due to stuck port clock_enable                           ;
; Total Number of Removed Registers = 56                                      ;                                                                       ;
+-----------------------------------------------------------------------------+-----------------------------------------------------------------------+


+-----------------------------------------------------------------------------------------------------------------------------------------------+
; Removed Registers Triggering Further Register Optimizations                                                                                   ;
+------------------------------------------------------------+--------------------+-------------------------------------------------------------+
; Register name                                              ; Reason for Removal ; Registers Removed due to This Register                      ;
+------------------------------------------------------------+--------------------+-------------------------------------------------------------+
; TOP:DUT|MIPS:MIPS_INST|DATAPATH:DATAPATH_INST|PCIntern[31] ; Lost Fanouts       ; TOP:DUT|MIPS:MIPS_INST|DATAPATH:DATAPATH_INST|PCIntern[30], ;
;                                                            ;                    ; TOP:DUT|MIPS:MIPS_INST|DATAPATH:DATAPATH_INST|PCIntern[29], ;
;                                                            ;                    ; TOP:DUT|MIPS:MIPS_INST|DATAPATH:DATAPATH_INST|PCIntern[28], ;
;                                                            ;                    ; TOP:DUT|MIPS:MIPS_INST|DATAPATH:DATAPATH_INST|PCIntern[27], ;
;                                                            ;                    ; TOP:DUT|MIPS:MIPS_INST|DATAPATH:DATAPATH_INST|PCIntern[26], ;
;                                                            ;                    ; TOP:DUT|MIPS:MIPS_INST|DATAPATH:DATAPATH_INST|PCIntern[25], ;
;                                                            ;                    ; TOP:DUT|MIPS:MIPS_INST|DATAPATH:DATAPATH_INST|PCIntern[24], ;
;                                                            ;                    ; TOP:DUT|MIPS:MIPS_INST|DATAPATH:DATAPATH_INST|PCIntern[23], ;
;                                                            ;                    ; TOP:DUT|MIPS:MIPS_INST|DATAPATH:DATAPATH_INST|PCIntern[22], ;
;                                                            ;                    ; TOP:DUT|MIPS:MIPS_INST|DATAPATH:DATAPATH_INST|PCIntern[21], ;
;                                                            ;                    ; TOP:DUT|MIPS:MIPS_INST|DATAPATH:DATAPATH_INST|PCIntern[20], ;
;                                                            ;                    ; TOP:DUT|MIPS:MIPS_INST|DATAPATH:DATAPATH_INST|PCIntern[19], ;
;                                                            ;                    ; TOP:DUT|MIPS:MIPS_INST|DATAPATH:DATAPATH_INST|PCIntern[18], ;
;                                                            ;                    ; TOP:DUT|MIPS:MIPS_INST|DATAPATH:DATAPATH_INST|PCIntern[17], ;
;                                                            ;                    ; TOP:DUT|MIPS:MIPS_INST|DATAPATH:DATAPATH_INST|PCIntern[16], ;
;                                                            ;                    ; TOP:DUT|MIPS:MIPS_INST|DATAPATH:DATAPATH_INST|PCIntern[15], ;
;                                                            ;                    ; TOP:DUT|MIPS:MIPS_INST|DATAPATH:DATAPATH_INST|PCIntern[14], ;
;                                                            ;                    ; TOP:DUT|MIPS:MIPS_INST|DATAPATH:DATAPATH_INST|PCIntern[13], ;
;                                                            ;                    ; TOP:DUT|MIPS:MIPS_INST|DATAPATH:DATAPATH_INST|PCIntern[12], ;
;                                                            ;                    ; TOP:DUT|MIPS:MIPS_INST|DATAPATH:DATAPATH_INST|PCIntern[11], ;
;                                                            ;                    ; TOP:DUT|MIPS:MIPS_INST|DATAPATH:DATAPATH_INST|PCIntern[10]  ;
+------------------------------------------------------------+--------------------+-------------------------------------------------------------+


+------------------------------------------------------+
; General Register Statistics                          ;
+----------------------------------------------+-------+
; Statistic                                    ; Value ;
+----------------------------------------------+-------+
; Total registers                              ; 5112  ;
; Number of registers using Synchronous Clear  ; 0     ;
; Number of registers using Synchronous Load   ; 8     ;
; Number of registers using Asynchronous Clear ; 24    ;
; Number of registers using Asynchronous Load  ; 0     ;
; Number of registers using Clock Enable       ; 5104  ;
; Number of registers using Preset             ; 0     ;
+----------------------------------------------+-------+


+-------------------------------------------------------------------------------------------------------------------------------------------------------------------------------------------+
; Multiplexer Restructuring Statistics (Restructuring Performed)                                                                                                                            ;
+--------------------+-----------+---------------+----------------------+------------------------+------------+-----------------------------------------------------------------------------+
; Multiplexer Inputs ; Bus Width ; Baseline Area ; Area if Restructured ; Saving if Restructured ; Registered ; Example Multiplexer Output                                                  ;
+--------------------+-----------+---------------+----------------------+------------------------+------------+-----------------------------------------------------------------------------+
; 3:1                ; 26 bits   ; 52 LEs        ; 52 LEs               ; 0 LEs                  ; Yes        ; |TOP_FPGA|TOP:DUT|MIPS:MIPS_INST|DATAPATH:DATAPATH_INST|PCIntern[4]         ;
; 4:1                ; 31 bits   ; 62 LEs        ; 62 LEs               ; 0 LEs                  ; No         ; |TOP_FPGA|TOP:DUT|MIPS:MIPS_INST|DATAPATH:DATAPATH_INST|UAL:UAL|Mux30       ;
; 4:1                ; 32 bits   ; 64 LEs        ; 64 LEs               ; 0 LEs                  ; No         ; |TOP_FPGA|TOP:DUT|MIPS:MIPS_INST|DATAPATH:DATAPATH_INST|UAL:UAL|srcBMux[12] ;
+--------------------+-----------+---------------+----------------------+------------------------+------------+-----------------------------------------------------------------------------+


+--------------------------------------------------------------------------------------------+
; Parameter Settings for User Entity Instance: TOP:DUT|MIPS:MIPS_INST|DATAPATH:DATAPATH_INST ;
+----------------+-------+-------------------------------------------------------------------+
; Parameter Name ; Value ; Type                                                              ;
+----------------+-------+-------------------------------------------------------------------+
; n              ; 32    ; Signed Integer                                                    ;
+----------------+-------+-------------------------------------------------------------------+
Note: In order to hide this table in the UI and the text report file, please set the "Show Parameter Settings in Synthesis Report" option in "Analysis and Synthesis Settings -> More Settings" to "Off".


+----------------------------------------------------------------------------------------------------+
; Parameter Settings for User Entity Instance: TOP:DUT|MIPS:MIPS_INST|DATAPATH:DATAPATH_INST|UAL:UAL ;
+----------------+-------+---------------------------------------------------------------------------+
; Parameter Name ; Value ; Type                                                                      ;
+----------------+-------+---------------------------------------------------------------------------+
; n              ; 32    ; Signed Integer                                                            ;
+----------------+-------+---------------------------------------------------------------------------+
Note: In order to hide this table in the UI and the text report file, please set the "Show Parameter Settings in Synthesis Report" option in "Analysis and Synthesis Settings -> More Settings" to "Off".


+----------------------------------------------------------------------------------------------------------------+
; Port Connectivity Checks: "TOP:DUT|MIPS:MIPS_INST|DATAPATH:DATAPATH_INST|UAL:UAL"                              ;
+------+--------+----------+-------------------------------------------------------------------------------------+
; Port ; Type   ; Severity ; Details                                                                             ;
+------+--------+----------+-------------------------------------------------------------------------------------+
; cout ; Output ; Info     ; Connected to dangling logic. Logic that only feeds a dangling port will be removed. ;
+------+--------+----------+-------------------------------------------------------------------------------------+


+-------------------------------------------------------------------------------------------------------------------+
; Port Connectivity Checks: "TOP:DUT|MIPS:MIPS_INST"                                                                ;
+---------+--------+----------+-------------------------------------------------------------------------------------+
; Port    ; Type   ; Severity ; Details                                                                             ;
+---------+--------+----------+-------------------------------------------------------------------------------------+
; memread ; Output ; Info     ; Connected to dangling logic. Logic that only feeds a dangling port will be removed. ;
+---------+--------+----------+-------------------------------------------------------------------------------------+


+------------------------------------------------------------------------------------------------------------------------------+
; Port Connectivity Checks: "TOP:DUT"                                                                                          ;
+--------------------+--------+----------+-------------------------------------------------------------------------------------+
; Port               ; Type   ; Severity ; Details                                                                             ;
+--------------------+--------+----------+-------------------------------------------------------------------------------------+
; pc[31..10]         ; Output ; Info     ; Connected to dangling logic. Logic that only feeds a dangling port will be removed. ;
; pc[1..0]           ; Output ; Info     ; Connected to dangling logic. Logic that only feeds a dangling port will be removed. ;
; writedata[31..4]   ; Output ; Info     ; Connected to dangling logic. Logic that only feeds a dangling port will be removed. ;
; dataaddress[31..8] ; Output ; Info     ; Connected to dangling logic. Logic that only feeds a dangling port will be removed. ;
+--------------------+--------+----------+-------------------------------------------------------------------------------------+


+-----------------------------------------------------+
; Post-Synthesis Netlist Statistics for Top Partition ;
+-----------------------+-----------------------------+
; Type                  ; Count                       ;
+-----------------------+-----------------------------+
; boundary_port         ; 45                          ;
; cycloneiii_ff         ; 5112                        ;
;     CLR SLD           ; 8                           ;
;     ENA               ; 5088                        ;
;     ENA CLR           ; 16                          ;
; cycloneiii_lcell_comb ; 4711                        ;
;     arith             ; 46                          ;
;         2 data inputs ; 7                           ;
;         3 data inputs ; 39                          ;
;     normal            ; 4665                        ;
;         1 data inputs ; 7                           ;
;         2 data inputs ; 25                          ;
;         3 data inputs ; 163                         ;
;         4 data inputs ; 4470                        ;
;                       ;                             ;
; Max LUT depth         ; 23.10                       ;
; Average LUT depth     ; 13.59                       ;
+-----------------------+-----------------------------+


+-------------------------------+
; Elapsed Time Per Partition    ;
+----------------+--------------+
; Partition Name ; Elapsed Time ;
+----------------+--------------+
; Top            ; 00:00:09     ;
+----------------+--------------+


+-------------------------------+
; Analysis & Synthesis Messages ;
+-------------------------------+
Info: *******************************************************************
Info: Running Quartus Prime Analysis & Synthesis
    Info: Version 23.1std.1 Build 993 05/14/2024 SC Lite Edition
    Info: Processing started: Thu Mar 20 04:12:42 2025
Info: Command: quartus_map --read_settings_files=on --write_settings_files=off top_fpga_bonus -c top_fpga
Info (20032): Parallel compilation is enabled and will use up to 8 processors
Info (12021): Found 2 design units, including 1 entities, in source file /users/yraies/documents/ele344_projet2_tesv_raiy/bonus/ual.vhd
    Info (12022): Found design unit 1: UAL-rtl File: C:/Users/yraies/Documents/ELE344_Projet2_TESV_RAIY/bonus/ual.vhd Line: 31
    Info (12023): Found entity 1: UAL File: C:/Users/yraies/Documents/ELE344_Projet2_TESV_RAIY/bonus/ual.vhd Line: 18
Info (12021): Found 2 design units, including 1 entities, in source file /users/yraies/documents/ele344_projet2_tesv_raiy/bonus/top_fpga.vhd
    Info (12022): Found design unit 1: top_fpga-rtl File: C:/Users/yraies/Documents/ELE344_Projet2_TESV_RAIY/bonus/top_fpga.vhd Line: 17
    Info (12023): Found entity 1: TOP_FPGA File: C:/Users/yraies/Documents/ELE344_Projet2_TESV_RAIY/bonus/top_fpga.vhd Line: 4
Info (12021): Found 2 design units, including 1 entities, in source file /users/yraies/documents/ele344_projet2_tesv_raiy/bonus/top.vhd
    Info (12022): Found design unit 1: TOP-rtl File: C:/Users/yraies/Documents/ELE344_Projet2_TESV_RAIY/bonus/top.vhd Line: 22
    Info (12023): Found entity 1: TOP File: C:/Users/yraies/Documents/ELE344_Projet2_TESV_RAIY/bonus/top.vhd Line: 9
Info (12021): Found 2 design units, including 1 entities, in source file /users/yraies/documents/ele344_projet2_tesv_raiy/bonus/regfile.vhd
    Info (12022): Found design unit 1: RegFile-RegFile_arch File: C:/Users/yraies/Documents/ELE344_Projet2_TESV_RAIY/bonus/regfile.vhd Line: 25
    Info (12023): Found entity 1: RegFile File: C:/Users/yraies/Documents/ELE344_Projet2_TESV_RAIY/bonus/regfile.vhd Line: 17
Info (12021): Found 2 design units, including 1 entities, in source file /users/yraies/documents/ele344_projet2_tesv_raiy/bonus/mips.vhd
    Info (12022): Found design unit 1: MIPS-rtl File: C:/Users/yraies/Documents/ELE344_Projet2_TESV_RAIY/bonus/mips.vhd Line: 20
    Info (12023): Found entity 1: MIPS File: C:/Users/yraies/Documents/ELE344_Projet2_TESV_RAIY/bonus/mips.vhd Line: 5
Info (12021): Found 2 design units, including 1 entities, in source file /users/yraies/documents/ele344_projet2_tesv_raiy/bonus/imem.vhd
    Info (12022): Found design unit 1: imem-imem_arch File: C:/Users/yraies/Documents/ELE344_Projet2_TESV_RAIY/bonus/imem.vhd Line: 21
    Info (12023): Found entity 1: imem File: C:/Users/yraies/Documents/ELE344_Projet2_TESV_RAIY/bonus/imem.vhd Line: 15
Info (12021): Found 2 design units, including 1 entities, in source file /users/yraies/documents/ele344_projet2_tesv_raiy/bonus/dmem.vhd
    Info (12022): Found design unit 1: dmem-dmem_arch File: C:/Users/yraies/Documents/ELE344_Projet2_TESV_RAIY/bonus/dmem.vhd Line: 24
    Info (12023): Found entity 1: dmem File: C:/Users/yraies/Documents/ELE344_Projet2_TESV_RAIY/bonus/dmem.vhd Line: 17
Info (12021): Found 2 design units, including 1 entities, in source file /users/yraies/documents/ele344_projet2_tesv_raiy/bonus/dec7seg.vhd
    Info (12022): Found design unit 1: dec7seg-dec7seg_archi File: C:/Users/yraies/Documents/ELE344_Projet2_TESV_RAIY/bonus/dec7seg.vhd Line: 18
    Info (12023): Found entity 1: dec7seg File: C:/Users/yraies/Documents/ELE344_Projet2_TESV_RAIY/bonus/dec7seg.vhd Line: 12
Info (12021): Found 2 design units, including 1 entities, in source file /users/yraies/documents/ele344_projet2_tesv_raiy/bonus/datapath.vhd
    Info (12022): Found design unit 1: DATAPATH-rtl File: C:/Users/yraies/Documents/ELE344_Projet2_TESV_RAIY/bonus/datapath.vhd Line: 39
    Info (12023): Found entity 1: DATAPATH File: C:/Users/yraies/Documents/ELE344_Projet2_TESV_RAIY/bonus/datapath.vhd Line: 9
Info (12021): Found 2 design units, including 1 entities, in source file /users/yraies/documents/ele344_projet2_tesv_raiy/bonus/controller.vhd
    Info (12022): Found design unit 1: CONTROLLER-rtl File: C:/Users/yraies/Documents/ELE344_Projet2_TESV_RAIY/bonus/controller.vhd Line: 26
    Info (12023): Found entity 1: CONTROLLER File: C:/Users/yraies/Documents/ELE344_Projet2_TESV_RAIY/bonus/controller.vhd Line: 9
Info (12127): Elaborating entity "top_fpga" for the top level hierarchy
Info (12129): Elaborating entity "TOP" using architecture "A:rtl" for hierarchy "TOP:DUT" File: C:/Users/yraies/Documents/ELE344_Projet2_TESV_RAIY/bonus/top_fpga.vhd Line: 28
Info (12129): Elaborating entity "imem" using architecture "A:imem_arch" for hierarchy "TOP:DUT|imem:IMEM_INST" File: C:/Users/yraies/Documents/ELE344_Projet2_TESV_RAIY/bonus/top.vhd Line: 31
Info (12129): Elaborating entity "MIPS" using architecture "A:rtl" for hierarchy "TOP:DUT|MIPS:MIPS_INST" File: C:/Users/yraies/Documents/ELE344_Projet2_TESV_RAIY/bonus/top.vhd Line: 38
Info (12129): Elaborating entity "CONTROLLER" using architecture "A:rtl" for hierarchy "TOP:DUT|MIPS:MIPS_INST|CONTROLLER:CONTROLLER_INST" File: C:/Users/yraies/Documents/ELE344_Projet2_TESV_RAIY/bonus/mips.vhd Line: 32
Info (12129): Elaborating entity "DATAPATH" using architecture "A:rtl" for hierarchy "TOP:DUT|MIPS:MIPS_INST|DATAPATH:DATAPATH_INST" File: C:/Users/yraies/Documents/ELE344_Projet2_TESV_RAIY/bonus/mips.vhd Line: 48
Info (12129): Elaborating entity "RegFile" using architecture "A:regfile_arch" for hierarchy "TOP:DUT|MIPS:MIPS_INST|DATAPATH:DATAPATH_INST|RegFile:REGISTER_FILE" File: C:/Users/yraies/Documents/ELE344_Projet2_TESV_RAIY/bonus/datapath.vhd Line: 67
Info (12129): Elaborating entity "UAL" using architecture "A:rtl" for hierarchy "TOP:DUT|MIPS:MIPS_INST|DATAPATH:DATAPATH_INST|UAL:UAL" File: C:/Users/yraies/Documents/ELE344_Projet2_TESV_RAIY/bonus/datapath.vhd Line: 83
Info (12129): Elaborating entity "dmem" using architecture "A:dmem_arch" for hierarchy "TOP:DUT|dmem:DMEM_INST" File: C:/Users/yraies/Documents/ELE344_Projet2_TESV_RAIY/bonus/top.vhd Line: 52
Info (12128): Elaborating entity "dec7seg" for hierarchy "dec7seg:dec7seg_0" File: C:/Users/yraies/Documents/ELE344_Projet2_TESV_RAIY/bonus/top_fpga.vhd Line: 57
Info (276014): Found 2 instances of uninferred RAM logic
    Info (276007): RAM logic "TOP:DUT|MIPS:MIPS_INST|DATAPATH:DATAPATH_INST|RegFile:REGISTER_FILE|mem" is uninferred due to asynchronous read logic File: C:/Users/yraies/Documents/ELE344_Projet2_TESV_RAIY/bonus/regfile.vhd Line: 27
    Info (276007): RAM logic "TOP:DUT|dmem:DMEM_INST|mem" is uninferred due to asynchronous read logic File: C:/Users/yraies/Documents/ELE344_Projet2_TESV_RAIY/bonus/dmem.vhd Line: 29
Info (286030): Timing-Driven Synthesis is running
Info (17049): 22 registers lost all their fanouts during netlist optimizations.
Info (16010): Generating hard_block partition "hard_block:auto_generated_inst"
    Info (16011): Adding 0 node(s), including 0 DDIO, 0 PLL, 0 transceiver and 0 LCELL
Warning (21074): Design contains 1 input pin(s) that do not drive logic
    Warning (15610): No output dependent on input pin "KEY[1]" File: C:/Users/yraies/Documents/ELE344_Projet2_TESV_RAIY/bonus/top_fpga.vhd Line: 7
Info (21057): Implemented 9854 device resources after synthesis - the final resource count might be different
    Info (21058): Implemented 3 input pins
    Info (21059): Implemented 42 output pins
    Info (21061): Implemented 9809 logic cells
Info: Quartus Prime Analysis & Synthesis was successful. 0 errors, 2 warnings
    Info: Peak virtual memory: 4936 megabytes
    Info: Processing ended: Thu Mar 20 04:12:56 2025
    Info: Elapsed time: 00:00:14
    Info: Total CPU time (on all processors): 00:00:20


