Assembler report for top
<<<<<<< HEAD
Sun Mar 16 13:47:44 2025
Quartus Prime Version 23.1std.1 Build 993 05/14/2024 SC Lite Edition
=======
Sat Mar 15 15:01:13 2025
Quartus Prime Version 18.1.0 Build 625 09/12/2018 SJ Lite Edition
>>>>>>> main


---------------------
; Table of Contents ;
---------------------
  1. Legal Notice
  2. Assembler Summary
  3. Assembler Settings
  4. Assembler Generated Files
  5. Assembler Device Options: C:/Users/yraies/Documents/ELE344_Projet2_TESV_RAIY/syn/top/output_files/top.sof
  6. Assembler Messages



----------------
; Legal Notice ;
----------------
Copyright (C) 2024  Intel Corporation. All rights reserved.
Your use of Intel Corporation's design tools, logic functions 
and other software and tools, and any partner logic 
functions, and any output files from any of the foregoing 
(including device programming or simulation files), and any 
associated documentation or information are expressly subject 
to the terms and conditions of the Intel Program License 
Subscription Agreement, the Intel Quartus Prime License Agreement,
the Intel FPGA IP License Agreement, or other applicable license
agreement, including, without limitation, that your use is for
the sole purpose of programming logic devices manufactured by
Intel and sold by Intel or its authorized distributors.  Please
refer to the applicable agreement for further details, at
https://fpgasoftware.intel.com/eula.



+---------------------------------------------------------------+
; Assembler Summary                                             ;
+-----------------------+---------------------------------------+
<<<<<<< HEAD
; Assembler Status      ; Successful - Sun Mar 16 13:47:44 2025 ;
=======
; Assembler Status      ; Successful - Sat Mar 15 15:01:13 2025 ;
>>>>>>> main
; Revision Name         ; top                                   ;
; Top-level Entity Name ; top_fpga                              ;
; Family                ; MAX 10                                ;
; Device                ; 10M50DAF484C7G                        ;
+-----------------------+---------------------------------------+


+----------------------------------+
; Assembler Settings               ;
+--------+---------+---------------+
; Option ; Setting ; Default Value ;
+--------+---------+---------------+


+---------------------------------------------------------------------------------+
; Assembler Generated Files                                                       ;
+---------------------------------------------------------------------------------+
; File Name                                                                       ;
+---------------------------------------------------------------------------------+
; C:/Users/yraies/Documents/ELE344_Projet2_TESV_RAIY/syn/top/output_files/top.sof ;
+---------------------------------------------------------------------------------+


<<<<<<< HEAD
+-----------------------------------------------------------------------------------------------------------+
; Assembler Device Options: C:/Users/yraies/Documents/ELE344_Projet2_TESV_RAIY/syn/top/output_files/top.sof ;
+----------------+------------------------------------------------------------------------------------------+
; Option         ; Setting                                                                                  ;
+----------------+------------------------------------------------------------------------------------------+
; JTAG usercode  ; 0x006459E9                                                                               ;
; Checksum       ; 0x006459E9                                                                               ;
+----------------+------------------------------------------------------------------------------------------+
=======
+--------------------------------------------------------------------------------------------------------------------------------------+
; Assembler Device Options: C:/Users/Vinny/Desktop/ETS/Hiver 2025/ELE344/Projet2/ELE344_Projet2_TESV_RAIY/syn/top/output_files/top.sof ;
+----------------+---------------------------------------------------------------------------------------------------------------------+
; Option         ; Setting                                                                                                             ;
+----------------+---------------------------------------------------------------------------------------------------------------------+
; JTAG usercode  ; 0x0066A2A4                                                                                                          ;
; Checksum       ; 0x0066A2A4                                                                                                          ;
+----------------+---------------------------------------------------------------------------------------------------------------------+
>>>>>>> main


+--------------------+
; Assembler Messages ;
+--------------------+
Info: *******************************************************************
Info: Running Quartus Prime Assembler
<<<<<<< HEAD
    Info: Version 23.1std.1 Build 993 05/14/2024 SC Lite Edition
    Info: Processing started: Sun Mar 16 13:47:42 2025
=======
    Info: Version 18.1.0 Build 625 09/12/2018 SJ Lite Edition
    Info: Processing started: Sat Mar 15 15:01:11 2025
>>>>>>> main
Info: Command: quartus_asm --read_settings_files=off --write_settings_files=off top -c top
Info (115031): Writing out detailed assembly data for power analysis
Info (115030): Assembler is generating device programming files
<<<<<<< HEAD
Info: Quartus Prime Assembler was successful. 0 errors, 0 warnings
    Info: Peak virtual memory: 4837 megabytes
    Info: Processing ended: Sun Mar 16 13:47:44 2025
    Info: Elapsed time: 00:00:02
    Info: Total CPU time (on all processors): 00:00:02
=======
Info: Quartus Prime Assembler was successful. 0 errors, 1 warning
    Info: Peak virtual memory: 4701 megabytes
    Info: Processing ended: Sat Mar 15 15:01:13 2025
    Info: Elapsed time: 00:00:02
    Info: Total CPU time (on all processors): 00:00:03
>>>>>>> main


